------------------------------------------------------------
Timing Analyzer Summary
------------------------------------------------------------

Type  : Slow 1100mV 85C Model Setup 'dec_reg:U_6|ex_alu_mode.alu_add~reg0'
Slack : -21.145
TNS   : -1176.328

Type  : Slow 1100mV 85C Model Setup 'clk'
Slack : -15.462
TNS   : -10287.588

Type  : Slow 1100mV 85C Model Hold 'dec_reg:U_6|ex_alu_mode.alu_add~reg0'
Slack : -10.017
TNS   : -648.450

Type  : Slow 1100mV 85C Model Hold 'clk'
Slack : -2.068
TNS   : -111.393

Type  : Slow 1100mV 85C Model Minimum Pulse Width 'dec_reg:U_6|ex_alu_mode.alu_add~reg0'
Slack : -8.132
TNS   : -6836.959

Type  : Slow 1100mV 85C Model Minimum Pulse Width 'clk'
Slack : -2.636
TNS   : -2346.153

Type  : Slow 1100mV 0C Model Setup 'dec_reg:U_6|ex_alu_mode.alu_add~reg0'
Slack : -20.844
TNS   : -1179.530

Type  : Slow 1100mV 0C Model Setup 'clk'
Slack : -15.283
TNS   : -10008.762

Type  : Slow 1100mV 0C Model Hold 'dec_reg:U_6|ex_alu_mode.alu_add~reg0'
Slack : -10.085
TNS   : -652.185

Type  : Slow 1100mV 0C Model Hold 'clk'
Slack : -2.237
TNS   : -205.959

Type  : Slow 1100mV 0C Model Minimum Pulse Width 'dec_reg:U_6|ex_alu_mode.alu_add~reg0'
Slack : -8.212
TNS   : -7114.143

Type  : Slow 1100mV 0C Model Minimum Pulse Width 'clk'
Slack : -2.636
TNS   : -2430.498

Type  : Fast 1100mV 85C Model Setup 'dec_reg:U_6|ex_alu_mode.alu_add~reg0'
Slack : -11.671
TNS   : -614.695

Type  : Fast 1100mV 85C Model Setup 'clk'
Slack : -8.809
TNS   : -4891.396

Type  : Fast 1100mV 85C Model Hold 'dec_reg:U_6|ex_alu_mode.alu_add~reg0'
Slack : -5.014
TNS   : -326.325

Type  : Fast 1100mV 85C Model Hold 'clk'
Slack : -0.781
TNS   : -31.938

Type  : Fast 1100mV 85C Model Minimum Pulse Width 'dec_reg:U_6|ex_alu_mode.alu_add~reg0'
Slack : -3.683
TNS   : -2804.701

Type  : Fast 1100mV 85C Model Minimum Pulse Width 'clk'
Slack : -2.174
TNS   : -1349.643

Type  : Fast 1100mV 0C Model Setup 'dec_reg:U_6|ex_alu_mode.alu_add~reg0'
Slack : -10.418
TNS   : -554.424

Type  : Fast 1100mV 0C Model Setup 'clk'
Slack : -7.555
TNS   : -4174.891

Type  : Fast 1100mV 0C Model Hold 'dec_reg:U_6|ex_alu_mode.alu_add~reg0'
Slack : -4.579
TNS   : -294.441

Type  : Fast 1100mV 0C Model Hold 'clk'
Slack : -0.883
TNS   : -69.496

Type  : Fast 1100mV 0C Model Minimum Pulse Width 'dec_reg:U_6|ex_alu_mode.alu_add~reg0'
Slack : -3.341
TNS   : -2553.029

Type  : Fast 1100mV 0C Model Minimum Pulse Width 'clk'
Slack : -2.174
TNS   : -1351.819

------------------------------------------------------------
